// Jest Snapshot v1, https://jestjs.io/docs/snapshot-testing

exports[`NewsDetails should match snapshot on initial render 1`] = `
<RCTScrollView
  style={
    {
      "backgroundColor": "#111111",
      "flexBasis": 0,
      "flexGrow": 1,
      "flexShrink": 1,
    }
  }
>
  <View>
    <Image
      src="https://static.escolakids.uol.com.br/2025/06/ilustracao-de-um-menino-com-a-mao-na-orelha-captando-ondas-sonoras-ou-de-som.jpg"
      style={
        {
          "height": 200,
          "width": "100%",
        }
      }
      testID="test-id-news-image"
    />
    <View
      style={
        {
          "flexBasis": 0,
          "flexGrow": 1,
          "flexShrink": 1,
          "paddingBottom": 16,
          "paddingLeft": 16,
          "paddingRight": 16,
          "paddingTop": 16,
        }
      }
    >
      <Text
        ellipsizeMode="tail"
        numberOfLines={3}
        style={
          {
            "color": "#ffffff",
            "fontSize": 20,
            "fontWeight": "400",
            "lineHeight": 26,
            "textAlign": "center",
          }
        }
      >
        Som: o que é, como é produzido, curiosidades - Escola Kids
      </Text>
      <Text
        style={
          {
            "color": "#ffffff",
            "fontSize": 16,
            "fontWeight": "700",
            "lineHeight": 20,
            "paddingTop": 32,
          }
        }
      >
        Texto gerado por IA
      </Text>
      <Text
        style={
          {
            "color": "#ffffff",
            "fontSize": 16,
            "fontWeight": "400",
            "lineHeight": 20,
            "paddingTop": 32,
          }
        }
      >
        Plataformas nativas são aquelas desenvolvidas especificamente para cada sistema operacional, como Android e iOS. Essa abordagem permite um desempenho otimizado e acesso total aos recursos do dispositivo, embora exija a manutenção de códigos separados para cada plataforma. Por outro lado, as plataformas híbridas utilizam um único código-base para funcionar em diferentes sistemas, facilitando a manutenção e reduzindo os custos de desenvolvimento. Frameworks como React Native e Flutter são exemplos populares que têm ganhado espaço por suas capacidades e eficiência. O React Native permite a criação de interfaces com uma experiência próxima à nativa, utilizando JavaScript e uma comunidade ativa, enquanto o Flutter, com base em Dart, oferece alta performance e uma rica personalização visual por meio de seus widgets.
      </Text>
      <Text
        style={
          {
            "color": "#ffffff",
            "fontSize": 16,
            "fontWeight": "400",
            "lineHeight": 20,
            "paddingTop": 32,
          }
        }
      >
        Para desenvolvedores que buscam agilidade e versatilidade, trabalhar com frameworks híbridos pode ser uma ótima escolha, principalmente se o projeto não exigir funcionalidades extremamente específicas de cada sistema operacional. A escolha entre uma plataforma nativa e uma híbrida dependerá do perfil do aplicativo, dos requisitos de performance e da experiência desejada para o usuário final. Assim, é importante avaliar cuidadosamente as necessidades do projeto e a disponibilidade de recursos para a manutenção do código.
      </Text>
      <Text
        style={
          {
            "color": "#ffffff",
            "fontSize": 16,
            "fontWeight": "400",
            "lineHeight": 20,
            "paddingTop": 32,
          }
        }
      >
        Em suma, a decisão entre programação nativa e híbrida envolve ponderar performance, custo e facilidade de manutenção. Compreender as vantagens de cada abordagem, assim como dominar ferramentas como React Native e Flutter, permite ao desenvolvedor tomar decisões mais estratégicas. Experimente baixar um ambiente de desenvolvimento móvel, como o Android Studio ou o Visual Studio Code com plugins específicos para mobile, e teste na prática qual abordagem melhor se adapta aos seus projetos. O universo do desenvolvimento mobile está repleto de oportunidades para inovar e transformar ideias em aplicativos eficientes e impactantes.
      </Text>
    </View>
    <RNGoogleMobileAdsBannerView
      manualImpressionsEnabled={false}
      onNativeEvent={[Function]}
      request="{}"
      sizeConfig={
        {
          "maxHeight": undefined,
          "sizes": [
            "ANCHORED_ADAPTIVE_BANNER",
          ],
          "width": undefined,
        }
      }
      style={
        {
          "height": 0,
          "width": 0,
        }
      }
      unitId="ca-app-pub-3940256099942544/2435281174"
    />
  </View>
</RCTScrollView>
`;
